// Jest Snapshot v1, https://goo.gl/fbAQLP

exports[`Tests into AddCategory.js should show <AddCategory /> successfully 1`] = `
<Fragment>
  <form
    onSubmit={[Function]}
  >
    <input
      onChange={[Function]}
      placeholder="Search gifs..."
      type="text"
      value=""
    />
  </form>
</Fragment>
`;
